Starting thorough testing of track.py...

Testing data loading...
PASS: Data loading and preparation passed
Testing database operations...
PASS: Database operations passed
Testing model training...
PASS: Model training passed
Testing predictions...
PASS: Predictions passed: Top crime - Kidnapping, MO - Method Unspecified
Testing map generation...
PASS: Map generation passed
Testing nearby stations...
PASS: Nearby stations passed: Found 3 stations
Testing error handling...
PASS: Error handling passed: Invalid location handled gracefully
Testing model accuracy...
.2f
PASS: Model accuracy passed

SUCCESS: All tests passed! Core functionalities are working correctly.
Map HTML saved to test_map.html for further testing.
